// Jest Snapshot v1, https://goo.gl/fbAQLP

exports[`Banner Snapshots renders with bottom position 1`] = `null`;

exports[`Banner Snapshots renders with center position 1`] = `null`;

exports[`Banner Snapshots renders with close button 1`] = `null`;

exports[`Banner Snapshots renders without close button 1`] = `null`;
